// Vitest Snapshot v1, https://vitest.dev/guide/snapshot.html

exports[`transform > legacyLogicalProperties > split with calc() and var() 1`] = `".box{margin-top:calc(var(--a) + var(--b)) calc(2px + var(--c));margin-bottom:calc(var(--a) + var(--b)) calc(2px + var(--c));margin-left:calc(2px + 1px);margin-right:3px;padding-left:calc(8px - var(--c));padding-right:calc(8px - var(--c));}"`;
